00:00 +0: loading C:/development/mytime/test/ui_shell_smoke_test.dart
00:00 +0: E.1A smoke: app boots
ÔĽÉÔĽÉÔĽí EXCEPTION CAUGHT BY WIDGETS LIBRARY ÔĽ×ÔĽÉÔĽÉÔĽÉÔĽÉÔĽÉÔĽÉÔĽÉÔĽÉÔĽÉÔĽÉÔĽÉÔĽÉÔĽÉÔĽÉÔĽÉÔĽÉÔĽÉÔĽÉÔĽÉÔĽÉÔĽÉÔĽÉÔĽÉÔĽÉÔĽÉÔĽÉÔĽÉÔĽÉÔĽÉÔĽÉÔĽÉÔĽÉÔĽÉÔĽÉÔĽÉÔĽÉÔĽÉÔĽÉÔĽÉÔĽÉÔĽÉÔĽÉÔĽÉÔĽÉÔĽÉÔĽÉÔĽÉÔĽÉÔĽÉÔĽÉÔĽÉÔĽÉÔĽÉÔĽÉÔĽÉÔĽÉÔĽÉÔĽÉÔĽÉ
The following assertion was thrown building TodayScreen(dirty):
setState() or markNeedsBuild() called during build.
This Shell widget cannot be marked as needing to build because the framework is already in the
process of building widgets. A widget can be marked as needing to be built during the build phase
only if one of its ancestors is currently building. This exception is allowed because the framework
builds parent widgets before children, which means a dirty descendant will always be built.
Otherwise, the framework might not visit this widget during this build phase.
The widget on which setState() or markNeedsBuild() was called was:
  Shell
The widget which was currently being built when the offending call was made was:
  TodayScreen

The relevant error-causing widget was:
  TodayScreen TodayScreen:file:///C:/development/mytime/lib/main.dart:41:7

When the exception was thrown, this was the stack:
#0      Element.markNeedsBuild.<anonymous closure> (package:flutter/src/widgets/framework.dart:5279:9)
#1      Element.markNeedsBuild (package:flutter/src/widgets/framework.dart:5291:6)
#2      State.setState (package:flutter/src/widgets/framework.dart:1219:15)
#3      _ShellState.build.<anonymous closure> (package:mytime/main.dart:43:32)
#4      TodayScreen.build (package:mytime/ui/screens/today_screen.dart:27:21)
#5      StatelessElement.build (package:flutter/src/widgets/framework.dart:5791:49)
#6      ComponentElement.performRebuild (package:flutter/src/widgets/framework.dart:5723:15)
#7      Element.rebuild (package:flutter/src/widgets/framework.dart:5435:7)
#8      ComponentElement._firstBuild (package:flutter/src/widgets/framework.dart:5705:5)
#9      ComponentElement.mount (package:flutter/src/widgets/framework.dart:5699:5)
...     Normal element mounting (40 frames)
#49     Element.inflateWidget (package:flutter/src/widgets/framework.dart:4548:16)
#50     MultiChildRenderObjectElement.inflateWidget (package:flutter/src/widgets/framework.dart:7169:36)
#51     MultiChildRenderObjectElement.mount (package:flutter/src/widgets/framework.dart:7185:32)
...     Normal element mounting (340 frames)
#391    Element.inflateWidget (package:flutter/src/widgets/framework.dart:4548:16)
#392    MultiChildRenderObjectElement.inflateWidget (package:flutter/src/widgets/framework.dart:7169:36)
#393    MultiChildRenderObjectElement.mount (package:flutter/src/widgets/framework.dart:7185:32)
...     Normal element mounting (471 frames)
#864    Element.inflateWidget (package:flutter/src/widgets/framework.dart:4548:16)
#865    Element.updateChild (package:flutter/src/widgets/framework.dart:3998:20)
#866    ComponentElement.performRebuild (package:flutter/src/widgets/framework.dart:5747:16)
#867    Element.rebuild (package:flutter/src/widgets/framework.dart:5435:7)
#868    ProxyElement.update (package:flutter/src/widgets/framework.dart:6051:5)
#869    _InheritedNotifierElement.update (package:flutter/src/widgets/inherited_notifier.dart:108:11)
#870    Element.updateChild (package:flutter/src/widgets/framework.dart:3982:15)
#871    ComponentElement.performRebuild (package:flutter/src/widgets/framework.dart:5747:16)
#872    StatefulElement.performRebuild (package:flutter/src/widgets/framework.dart:5884:11)
#873    Element.rebuild (package:flutter/src/widgets/framework.dart:5435:7)
#874    StatefulElement.update (package:flutter/src/widgets/framework.dart:5909:5)
#875    Element.updateChild (package:flutter/src/widgets/framework.dart:3982:15)
#876    ComponentElement.performRebuild (package:flutter/src/widgets/framework.dart:5747:16)
#877    Element.rebuild (package:flutter/src/widgets/framework.dart:5435:7)
#878    ProxyElement.update (package:flutter/src/widgets/framework.dart:6051:5)
#879    _InheritedNotifierElement.update (package:flutter/src/widgets/inherited_notifier.dart:108:11)
#880    Element.updateChild (package:flutter/src/widgets/framework.dart:3982:15)
#881    ComponentElement.performRebuild (package:flutter/src/widgets/framework.dart:5747:16)
#882    StatefulElement.performRebuild (package:flutter/src/widgets/framework.dart:5884:11)
#883    Element.rebuild (package:flutter/src/widgets/framework.dart:5435:7)
#884    StatefulElement.update (package:flutter/src/widgets/framework.dart:5909:5)
#885    Element.updateChild (package:flutter/src/widgets/framework.dart:3982:15)
#886    ComponentElement.performRebuild (package:flutter/src/widgets/framework.dart:5747:16)
#887    StatefulElement.performRebuild (package:flutter/src/widgets/framework.dart:5884:11)
#888    Element.rebuild (package:flutter/src/widgets/framework.dart:5435:7)
#889    StatefulElement.update (package:flutter/src/widgets/framework.dart:5909:5)
#890    Element.updateChild (package:flutter/src/widgets/framework.dart:3982:15)
#891    ComponentElement.performRebuild (package:flutter/src/widgets/framework.dart:5747:16)
#892    Element.rebuild (package:flutter/src/widgets/framework.dart:5435:7)
#893    ProxyElement.update (package:flutter/src/widgets/framework.dart:6051:5)
#894    Element.updateChild (package:flutter/src/widgets/framework.dart:3982:15)
#895    ComponentElement.performRebuild (package:flutter/src/widgets/framework.dart:5747:16)
#896    StatefulElement.performRebuild (package:flutter/src/widgets/framework.dart:5884:11)
#897    Element.rebuild (package:flutter/src/widgets/framework.dart:5435:7)
#898    StatefulElement.update (package:flutter/src/widgets/framework.dart:5909:5)
#899    Element.updateChild (package:flutter/src/widgets/framework.dart:3982:15)
#900    ComponentElement.performRebuild (package:flutter/src/widgets/framework.dart:5747:16)
#901    Element.rebuild (package:flutter/src/widgets/framework.dart:5435:7)
#902    ProxyElement.update (package:flutter/src/widgets/framework.dart:6051:5)
#903    Element.updateChild (package:flutter/src/widgets/framework.dart:3982:15)
#904    ComponentElement.performRebuild (package:flutter/src/widgets/framework.dart:5747:16)
#905    Element.rebuild (package:flutter/src/widgets/framework.dart:5435:7)
#906    ProxyElement.update (package:flutter/src/widgets/framework.dart:6051:5)
#907    Element.updateChild (package:flutter/src/widgets/framework.dart:3982:15)
#908    _RawViewElement._updateChild (package:flutter/src/widgets/view.dart:481:16)
#909    _RawViewElement.update (package:flutter/src/widgets/view.dart:568:5)
#910    Element.updateChild (package:flutter/src/widgets/framework.dart:3982:15)
#911    ComponentElement.performRebuild (package:flutter/src/widgets/framework.dart:5747:16)
#912    Element.rebuild (package:flutter/src/widgets/framework.dart:5435:7)
#913    StatelessElement.update (package:flutter/src/widgets/framework.dart:5797:5)
#914    Element.updateChild (package:flutter/src/widgets/framework.dart:3982:15)
#915    ComponentElement.performRebuild (package:flutter/src/widgets/framework.dart:5747:16)
#916    StatefulElement.performRebuild (package:flutter/src/widgets/framework.dart:5884:11)
#917    Element.rebuild (package:flutter/src/widgets/framework.dart:5435:7)
#918    StatefulElement.update (package:flutter/src/widgets/framework.dart:5909:5)
#919    Element.updateChild (package:flutter/src/widgets/framework.dart:3982:15)
#920    RootElement._rebuild (package:flutter/src/widgets/binding.dart:1716:16)
#921    RootElement.update (package:flutter/src/widgets/binding.dart:1694:5)
#922    RootElement.performRebuild (package:flutter/src/widgets/binding.dart:1708:7)
#923    Element.rebuild (package:flutter/src/widgets/framework.dart:5435:7)
#924    BuildScope._tryRebuild (package:flutter/src/widgets/framework.dart:2695:15)
#925    BuildScope._flushDirtyElements (package:flutter/src/widgets/framework.dart:2752:11)
#926    BuildOwner.buildScope (package:flutter/src/widgets/framework.dart:3056:18)
#927    AutomatedTestWidgetsFlutterBinding.drawFrame (package:flutter_test/src/binding.dart:1506:19)
#928    RendererBinding._handlePersistentFrameCallback (package:flutter/src/rendering/binding.dart:495:5)
#929    SchedulerBinding._invokeFrameCallback (package:flutter/src/scheduler/binding.dart:1434:15)
#930    SchedulerBinding.handleDrawFrame (package:flutter/src/scheduler/binding.dart:1347:9)
#931    AutomatedTestWidgetsFlutterBinding.pump.<anonymous closure> (package:flutter_test/src/binding.dart:1335:9)
#934    TestAsyncUtils.guard (package:flutter_test/src/test_async_utils.dart:74:41)
#935    AutomatedTestWidgetsFlutterBinding.pump (package:flutter_test/src/binding.dart:1324:27)
#936    WidgetTester.pumpWidget.<anonymous closure> (package:flutter_test/src/widget_tester.dart:598:22)
#939    TestAsyncUtils.guard (package:flutter_test/src/test_async_utils.dart:74:41)
#940    WidgetTester.pumpWidget (package:flutter_test/src/widget_tester.dart:595:27)
#941    main.<anonymous closure> (file:///C:/development/mytime/test/ui_shell_smoke_test.dart:6:18)
#942    testWidgets.<anonymous closure>.<anonymous closure> (package:flutter_test/src/widget_tester.dart:192:29)
<asynchronous suspension>
#943    TestWidgetsFlutterBinding._runTestBody (package:flutter_test/src/binding.dart:1059:5)
<asynchronous suspension>
<asynchronous suspension>
(elided 5 frames from dart:async and package:stack_trace)

ÔĽÉÔĽÉÔĽÉÔĽÉÔĽÉÔĽÉÔĽÉÔĽÉÔĽÉÔĽÉÔĽÉÔĽÉÔĽÉÔĽÉÔĽÉÔĽÉÔĽÉÔĽÉÔĽÉÔĽÉÔĽÉÔĽÉÔĽÉÔĽÉÔĽÉÔĽÉÔĽÉÔĽÉÔĽÉÔĽÉÔĽÉÔĽÉÔĽÉÔĽÉÔĽÉÔĽÉÔĽÉÔĽÉÔĽÉÔĽÉÔĽÉÔĽÉÔĽÉÔĽÉÔĽÉÔĽÉÔĽÉÔĽÉÔĽÉÔĽÉÔĽÉÔĽÉÔĽÉÔĽÉÔĽÉÔĽÉÔĽÉÔĽÉÔĽÉÔĽÉÔĽÉÔĽÉÔĽÉÔĽÉÔĽÉÔĽÉÔĽÉÔĽÉÔĽÉÔĽÉÔĽÉÔĽÉÔĽÉÔĽÉÔĽÉÔĽÉÔĽÉÔĽÉÔĽÉÔĽÉÔĽÉÔĽÉÔĽÉÔĽÉÔĽÉÔĽÉÔĽÉÔĽÉÔĽÉÔĽÉÔĽÉÔĽÉÔĽÉÔĽÉÔĽÉÔĽÉÔĽÉÔĽÉÔĽÉÔĽÉ
00:01 +0 -1: E.1A smoke: app boots [E]
  Test failed. See exception logs above.
  The test description was: E.1A smoke: app boots
  
00:01 +0 -1: Some tests failed.
